// Jest Snapshot v1, https://goo.gl/fbAQLP

exports[`Tab renders 1`] = `
<div>
  <div>Gotcha</div>
</div>
`;
